
===========================================================================
report_checks -path_delay max (Setup)
============================================================================
======================= Typical Corner ===================================

Startpoint: a (input port clocked by __VIRTUAL_CLK__)
Endpoint: carry_out (output port clocked by __VIRTUAL_CLK__)
Path Group: __VIRTUAL_CLK__
Path Type: max

Fanout     Cap    Slew   Delay    Time   Description
-----------------------------------------------------------------------------
                  0.00    0.00    0.00   clock __VIRTUAL_CLK__ (rise edge)
                          0.00    0.00   clock network delay (ideal)
                          2.00    2.00 v input external delay
     2    0.01    0.03    0.02    2.02 v a (in)
                                         a (net)
                  0.03    0.00    2.02 v _4_/A (sky130_fd_sc_hd__xnor2_2)
     2    0.01    0.08    0.16    2.18 v _4_/Y (sky130_fd_sc_hd__xnor2_2)
                                         _1_ (net)
                  0.08    0.00    2.18 v _7_/B (sky130_fd_sc_hd__xnor2_2)
     1    0.03    0.45    0.40    2.58 ^ _7_/Y (sky130_fd_sc_hd__xnor2_2)
                                         carry_out (net)
                  0.45    0.00    2.58 ^ carry_out (out)
                                  2.58   data arrival time

                  0.00   10.00   10.00   clock __VIRTUAL_CLK__ (rise edge)
                          0.00   10.00   clock network delay (ideal)
                         -0.25    9.75   clock uncertainty
                          0.00    9.75   clock reconvergence pessimism
                         -2.00    7.75   output external delay
                                  7.75   data required time
-----------------------------------------------------------------------------
                                  7.75   data required time
                                 -2.58   data arrival time
-----------------------------------------------------------------------------
                                  5.17   slack (MET)


Startpoint: a (input port clocked by __VIRTUAL_CLK__)
Endpoint: c (output port clocked by __VIRTUAL_CLK__)
Path Group: __VIRTUAL_CLK__
Path Type: max

Fanout     Cap    Slew   Delay    Time   Description
-----------------------------------------------------------------------------
                  0.00    0.00    0.00   clock __VIRTUAL_CLK__ (rise edge)
                          0.00    0.00   clock network delay (ideal)
                          2.00    2.00 v input external delay
     2    0.01    0.03    0.02    2.02 v a (in)
                                         a (net)
                  0.03    0.00    2.02 v _4_/A (sky130_fd_sc_hd__xnor2_2)
     2    0.01    0.08    0.16    2.18 v _4_/Y (sky130_fd_sc_hd__xnor2_2)
                                         _1_ (net)
                  0.08    0.00    2.18 v _6_/A2 (sky130_fd_sc_hd__o21ai_2)
     1    0.03    0.40    0.36    2.54 ^ _6_/Y (sky130_fd_sc_hd__o21ai_2)
                                         c (net)
                  0.40    0.00    2.54 ^ c (out)
                                  2.54   data arrival time

                  0.00   10.00   10.00   clock __VIRTUAL_CLK__ (rise edge)
                          0.00   10.00   clock network delay (ideal)
                         -0.25    9.75   clock uncertainty
                          0.00    9.75   clock reconvergence pessimism
                         -2.00    7.75   output external delay
                                  7.75   data required time
-----------------------------------------------------------------------------
                                  7.75   data required time
                                 -2.54   data arrival time
-----------------------------------------------------------------------------
                                  5.21   slack (MET)



worst slack corner Typical: 5.1734
